2026-08-28 12:15 done: Lemon.io - Senior Graphic Designer -> /Users/cgair/Desktop/TCV/lemonio-senior-graphic-designer
2026-08-28 12:15 cap 1 reached - 37 left for later
2026-08-28 12:15 run complete: 1 CVs ready, 0 failed, 38 fresh openings
2026-08-28 16:08 parsed facts for 36 roles
2026-08-28 16:08 facts pushed to the radar
2026-08-28 16:08 cap 0 reached - 32 left for later
2026-08-28 16:08 run complete: 0 CVs ready, 0 failed, 36 fresh openings
2026-08-28 18:15 hunt: search engine bot-challenged this IP - stopping
2026-08-28 18:15 parsed facts for 1 roles, hunted links for 0
2026-08-28 18:15 results pushed to the radar
2026-08-28 18:16 done: Maze - Product Designer -> /Users/cgair/Desktop/TCV/maze-product-designer
2026-08-28 18:17 done: PressW - UX Designer -> /Users/cgair/Desktop/TCV/pressw-ux-designer
2026-08-28 18:18 done: Mayflower - Design System Designer -> /Users/cgair/Desktop/TCV/mayflower-design-system-designer
2026-08-28 18:19 FAIL Ehvert Engineering a Salas O'Brien company - Design Project Manager (Estonia): HTTP Error 500: Internal Server Error
2026-08-28 18:20 done: WALTER - Product Designer - UX/UI & Design Systems (Remote) -> /Users/cgair/Desktop/TCV/walter-product-designer-uxui-design-systems
2026-08-28 18:20 run complete: 4 CVs ready, 1 failed, 36 fresh openings
2026-08-28 18:20 hunt: search engine bot-challenged this IP - stopping
2026-08-28 18:21 FAIL Ehvert Engineering a Salas O'Brien company - Design Project Manager (Estonia): HTTP 500: {"error": "No JSON in the reply.\nI need to be straightforward here: this job is a **Design Project Manager for data center engineering projects**. It requires:\n\n- A degree in Engineering, Architecture, or Construction Management\n- 7-10 years of project management experience in **engineering/architecture/design consulting**\n- Experience managing **multidisciplinary engineering teams** (Electri
2026-08-28 18:21 run complete: 0 CVs ready, 1 failed, 36 fresh openings
2026-08-29 07:04 parse cap reached - 19 left for later
2026-08-29 07:04 hunt: search engine bot-challenged this IP - stopping
2026-08-29 07:04 parsed facts for 40 roles, hunted links for 0
2026-08-29 07:04 results pushed to the radar
2026-08-29 07:05 done: Codekeeper - Digital Product Designer -> /Users/cgair/Desktop/TCV/codekeeper-digital-product-designer
2026-08-29 07:06 done: Codekeeper - Product Designer (Figma) -> /Users/cgair/Desktop/TCV/codekeeper-product-designer-figma
2026-08-29 07:07 done: Codekeeper - UI/UX Designer -> /Users/cgair/Desktop/TCV/codekeeper-uiux-designer
2026-08-29 07:07 FAIL Marmon Holdings, Inc. - Principal Design Engineer: HTTP 500: {"error": "No JSON in the reply.\nThis job description is for a **Principal Design Engineer** at Marmon Holdings (a Berkshire Hathaway company) \u2014 this is an **electrical/RF engineering role** designing physical coaxial cable, telecom, and fiber products for wireless infrastructure. It requires an Electrical Engineering degree, RF theory, material science, simulation software, and manufacturin
2026-08-29 07:08 done: Aperture - Graphic Designer -> /Users/cgair/Desktop/TCV/aperture-graphic-designer
2026-08-29 07:09 done: Huzzle - Webflow Designer -> /Users/cgair/Desktop/TCV/huzzle-agency-client-unnamed-us-digital-marketing-agency-webflow-desig
2026-08-29 07:10 done: Hostaway - Staff Product Designer - Design Systems - 100% Remote - EMEA -> /Users/cgair/Desktop/TCV/hostaway-staff-product-designer-design-systems
2026-08-29 07:11 done: Meridial - Graphic Designer Specialist - Freelance AI Trainer Project -> /Users/cgair/Desktop/TCV/meridial-graphic-designer-specialist-freelance-ai-trainer
2026-08-29 07:11 cap 8 reached - 39 left for later
2026-08-29 07:11 run complete: 7 CVs ready, 1 failed, 94 fresh openings
2026-08-29 11:59 hunt: search engine bot-challenged this IP - stopping
2026-08-29 11:59 parsed facts for 19 roles, hunted links for 0
2026-08-29 11:59 results pushed to the radar
2026-08-29 12:00 FAIL Marmon Holdings, Inc. - Principal Design Engineer: HTTP 500: {"error": "No JSON in the reply.\nThis job description is for a **Principal Design Engineer** at Marmon Holdings \u2014 a **hardware/electrical engineering role** designing RF coaxial cable, telecom, and fiber products. It requires an Electrical Engineering degree, RF theory, material science, simulation software, and manufacturing floor experience.\n\nThis has **zero overlap** with Cesar Garcia's
2026-08-29 12:01 FAIL Nebius - Senior Product Designer - Observability & Data Visualization: HTTP 500: {"error": "Tuned CV failed the no-invention verifier twice:\n- number not in MASTER_CV: \"2020, M\""}
2026-08-29 12:04 FAIL ElevenLabs - Brand Design: HTTP 500: {"error": "Tuned CV failed the no-invention verifier twice:\n- number not in MASTER_CV: \"2020, M\"\n- number not in MASTER_CV: \"2006 B\""}
2026-08-29 12:05 FAIL Omniscient Digital - Graphic Designer: HTTP 500: {"error": "Tuned CV failed the no-invention verifier twice:\n- number not in MASTER_CV: \"2020, M\""}
2026-08-29 12:07 FAIL Superside - Conceptual Art Director: HTTP 500: {"error": "Tuned CV failed the no-invention verifier twice:\n- number not in MASTER_CV: \"2020, M\""}
2026-08-29 12:07 FAIL Superside - Creative (Motion Design): HTTP 500: {"error": "No JSON in the reply.\nI need to analyze this JD carefully before producing the TCV.\n\n**Analysis:**\n\nThis is a **Motion Design** role at Superside. The JD asks for:\n- Motion designer\n- Motion graphics\n- Animated digital ads\n- Lottie animations\n- Animation technologies\n- Technical expertise in motion/animation\n\n**Critical problem:** Cesar's MASTER_CV contains **zero** motion 
2026-08-29 12:10 FAIL AIOS - Product Designer at AIOS Medical — Remote, $90k-$150k/yr inc equity: HTTP 500: {"error": "Tuned CV failed the no-invention verifier twice:\n- number not in MASTER_CV: \"2020, M\""}
2026-08-29 12:11 FAIL Primer - Architectural Designer II: HTTP 500: {"error": "No JSON in the reply.\nI need to be straightforward here: this job description is for an **Architectural Designer II** at a K-8 school network. The role requires:\n\n- 5+ years in architectural project management, interior design, or construction\n- Deep knowledge of building codes, ADA, fire life safety, zoning, and permitting\n- Fluency in Revit, Bluebeam, 3D modeling software\n- Expe
2026-08-29 12:11 cap 8 reached - 32 left for later
2026-08-29 12:11 run complete: 0 CVs ready, 8 failed, 94 fresh openings
2026-08-29 12:13 hunt: search engine bot-challenged this IP - stopping
2026-08-29 12:15 done: Nebius - Senior Product Designer - Observability & Data Visualization -> /Users/cgair/Desktop/TCV/nebius-senior-product-designer-observability-data-visualization
2026-08-29 12:16 done: ElevenLabs - Brand Design -> /Users/cgair/Desktop/TCV/elevenlabs-brand-design
2026-08-29 12:17 done: Omniscient Digital - Graphic Designer -> /Users/cgair/Desktop/TCV/omniscient-digital-graphic-designer
2026-08-29 12:18 done: Superside - Conceptual Art Director -> /Users/cgair/Desktop/TCV/superside-conceptual-art-director
2026-08-29 12:20 done: AIOS - Product Designer at AIOS Medical — Remote, $90k-$150k/yr inc equity -> /Users/cgair/Desktop/TCV/aios-product-designer
2026-08-29 12:22 FAIL Volta - UX Designer: HTTP 500: {"error": "Tuned CV failed the no-invention verifier twice:\n- management claim not in MASTER_CV: \"managers\" \u2014 rephrase with MASTER_CV's own verbs (led, ran, leadership)"}
2026-08-29 12:23 done: Volta - UX Researcher -> /Users/cgair/Desktop/TCV/volta-ux-researcher
2026-08-29 12:24 done: Plutus Media - UI/UX Designer (Project-Based) -> /Users/cgair/Desktop/TCV/plutus-media-uiux-designer-project-based
2026-08-29 12:24 cap 8 reached - 24 left for later
2026-08-29 12:24 run complete: 7 CVs ready, 1 failed, 94 fresh openings
2026-08-30 07:00 hunt: search engine bot-challenged this IP - stopping
2026-08-30 07:00 nothing to hunt (193 active)
2026-08-31 07:00 hunt: search engine bot-challenged this IP - stopping
2026-08-31 07:00 nothing to hunt (125 active)
2026-09-01 07:00 hunt: search engine bot-challenged this IP - stopping
2026-09-01 07:00 nothing to hunt (160 active)
2026-09-02 07:00 hunt: search engine bot-challenged this IP - stopping
2026-09-02 07:00 nothing to hunt (160 active)
2026-09-03 07:00 hunt: search engine bot-challenged this IP - stopping
2026-09-03 07:00 nothing to hunt (160 active)
2026-09-04 07:00 hunt: search engine bot-challenged this IP - stopping
2026-09-04 07:00 nothing to hunt (160 active)
2026-09-05 07:00 hunt: search engine bot-challenged this IP - stopping
2026-09-05 07:00 nothing to hunt (160 active)
2026-09-06 07:00 hunt: search engine bot-challenged this IP - stopping
2026-09-06 07:00 nothing to hunt (160 active)
2026-09-07 07:00 hunt: search engine bot-challenged this IP - stopping
2026-09-07 07:00 nothing to hunt (160 active)
2026-09-08 07:00 hunt: search engine bot-challenged this IP - stopping
2026-09-08 07:00 nothing to hunt (160 active)
